// Jest Snapshot v1, https://goo.gl/fbAQLP

exports[`tests the IngredientItem component renders IngredientItem component properly 1`] = `
<View
  style={
    Object {
      "backgroundColor": "#fff",
      "borderColor": "#ccc",
      "borderRadius": 2,
      "borderWidth": 0.5,
      "elevation": 3,
      "flex": 1,
      "flexWrap": "wrap",
      "marginBottom": 5,
      "marginLeft": 2,
      "marginRight": 2,
      "marginTop": 5,
      "shadowColor": "#000",
      "shadowOffset": Object {
        "height": 2,
        "width": 0,
      },
      "shadowOpacity": 0.1,
      "shadowRadius": 1.5,
    }
  }
  virtual={undefined}
>
  <View
    accessibilityComponentType={undefined}
    accessibilityLabel={undefined}
    accessibilityTraits={undefined}
    accessible={true}
    hitSlop={undefined}
    isTVSelectable={true}
    onLayout={undefined}
    onResponderGrant={[Function]}
    onResponderMove={[Function]}
    onResponderRelease={[Function]}
    onResponderTerminate={[Function]}
    onResponderTerminationRequest={[Function]}
    onStartShouldSetResponder={[Function]}
    style={
      Object {
        "opacity": 1,
      }
    }
    testID={undefined}
    tvParallaxProperties={undefined}
  >
    <View
      style={
        Object {
          "alignItems": "center",
          "backgroundColor": "#fff",
          "flexDirection": "row",
          "paddingBottom": 10,
          "paddingLeft": 15,
          "paddingRight": 15,
          "paddingTop": 10,
        }
      }
      virtual={undefined}
    >
      <Image
        source={1}
        style={
          Object {
            "borderRadius": 28,
            "height": 56,
            "width": 56,
          }
        }
        virtual={undefined}
      />
      <Text
        accessible={true}
        allowFontScaling={true}
        ellipsizeMode="tail"
        style={
          Object {
            "alignSelf": "center",
            "color": "#373737",
            "fontFamily": "Futura",
            "fontSize": 16,
            "marginLeft": 25,
          }
        }
        virtual={undefined}
      >
        
      </Text>
      <View
        style={
          Object {
            "alignItems": "flex-end",
            "alignSelf": "center",
            "flex": 0.8,
          }
        }
        virtual={undefined}
      >
        <Text
          accessible={true}
          allowFontScaling={false}
          ellipsizeMode="tail"
          style={
            Array [
              Object {
                "color": undefined,
                "fontSize": 12,
              },
              Object {
                "alignSelf": null,
                "color": "#68BAA7",
                "fontSize": 22,
              },
              Object {
                "fontFamily": "Ionicons",
                "fontStyle": "normal",
                "fontWeight": "normal",
              },
            ]
          }
          virtual={undefined}
        >
          Ôèë
        </Text>
      </View>
    </View>
  </View>
</View>
`;
