// Jest Snapshot v1, https://goo.gl/fbAQLP

exports[`Sign Up form renders SignUpForm component 1`] = `
<Styled(Container)>
  <Image
    source={1}
    style={
      Object {
        "alignItems": "center",
        "backgroundColor": "transparent",
        "flex": 1,
        "height": undefined,
        "justifyContent": "center",
        "width": undefined,
      }
    }
  >
    <Styled(Content)>
      <Styled(Form)>
        <Styled(Item)
          regular={true}
          style={
            Object {
              "marginBottom": 10,
              "marginLeft": 25,
              "marginRight": 25,
              "marginTop": 50,
            }
          }
        >
          <Styled(Input)
            label="First Name"
            onChangeText={[Function]}
            placeholder="First Name"
            value="firstName"
          />
        </Styled(Item)>
        <Styled(Item)
          regular={true}
          style={
            Object {
              "marginBottom": 10,
              "marginLeft": 25,
              "marginRight": 25,
              "marginTop": 0,
            }
          }
        >
          <Styled(Input)
            label="Last Name"
            onChangeText={[Function]}
            placeholder="Last Name"
            value="lastName"
          />
        </Styled(Item)>
        <Styled(Item)
          regular={true}
          style={
            Object {
              "marginBottom": 10,
              "marginLeft": 25,
              "marginRight": 25,
              "marginTop": 0,
            }
          }
        >
          <Styled(Input)
            autoCapitalize="none"
            autoCorrect={false}
            keyboardType="email-address"
            label="Email"
            onChangeText={[Function]}
            placeholder="Email"
            value="email"
          />
        </Styled(Item)>
        <Styled(Item)
          regular={true}
          style={
            Object {
              "marginBottom": 10,
              "marginLeft": 25,
              "marginRight": 25,
              "marginTop": 0,
            }
          }
        >
          <Styled(Input)
            error={false}
            label="Password"
            onChangeText={[Function]}
            placeholder="Password"
            secureTextEntry={true}
            value="password"
          />
        </Styled(Item)>
        <Styled(Item)
          regular={true}
          style={
            Object {
              "marginBottom": 10,
              "marginLeft": 25,
              "marginRight": 25,
              "marginTop": 0,
            }
          }
        >
          <Styled(Input)
            error={false}
            label="Confirm"
            onChangeText={[Function]}
            placeholder="Enter Password Again"
            secureTextEntry={true}
            value="confirm"
          />
        </Styled(Item)>
        <Styled(Button)
          block={true}
          name="email"
          onPress={[Function]}
          padder={true}
          style={
            Object {
              "backgroundColor": "#C0B083",
              "marginBottom": 25,
              "marginLeft": 88,
              "marginRight": 100,
              "marginTop": 20,
              "width": "50%",
            }
          }
        >
          <Styled(Icon)
            name="send"
          />
          <Styled(Text)>
            Sign Up With Email
          </Styled(Text)>
        </Styled(Button)>
      </Styled(Form)>
    </Styled(Content)>
  </Image>
</Styled(Container)>
`;
