// Jest Snapshot v1, https://goo.gl/fbAQLP

exports[`View Ingredient Screen renders ViewIngredientScreen component 1`] = `
<Styled(Container)>
  <IngredientView />
</Styled(Container)>
`;
