// Jest Snapshot v1, https://goo.gl/fbAQLP

exports[`View Recipe Screen renders ViewRecipeScreen component 1`] = `
<Styled(Container)>
  <RecipeView />
</Styled(Container)>
`;
